<html>
<body>
<pre>
<h1>µVision Build Log</h1>
<h2>Project:</h2>
C:\Users\Administrator\Desktop\SmartHome\Algo_Api\V1\app.uvproj
Project File Date:  03/16/2015

<h2>Output:</h2>
Build target 'M3_app'
compiling main.c...
.\include\command.h(48): warning:  #1-D: last line of file ends without a newline
api\main.c(146): error:  #20: identifier "RF433_Receive" is undefined
compiling DS18B20.c...
compiling System_var.c...
compiling M3_wifi.c...
api\M3_wifi.c(68): warning:  #167-D: argument of type "uint8 *" is incompatible with parameter of type "const char *"
api\M3_wifi.c(72): warning:  #167-D: argument of type "uint8 *" is incompatible with parameter of type "const char *"
api\M3_wifi.c(89): warning:  #167-D: argument of type "uint8 *" is incompatible with parameter of type "const char *"
api\M3_wifi.c(110): warning:  #167-D: argument of type "uint8 *" is incompatible with parameter of type "const char *"
api\M3_wifi.c(114): warning:  #167-D: argument of type "uint8 *" is incompatible with parameter of type "const char *"
api\M3_wifi.c(138): warning:  #167-D: argument of type "uint8 *" is incompatible with parameter of type "const char *"
api\M3_wifi.c(194): warning:  #167-D: argument of type "uint8 *" is incompatible with parameter of type "const char *"
api\M3_wifi.c(213): warning:  #167-D: argument of type "uint8 *" is incompatible with parameter of type "const char *"
compiling Infrared.c...
compiling M3_315.c...
compiling debug_led.c...
compiling Timer.c...
compiling spi.c...
compiling DK_RFM69H.c...
compiling nrf24l01.c...
compiling uart.c...
api\uart.c(27): warning:  #513-D: a value of type "volatile uint8 *" cannot be assigned to an entity of type "uint8 *"
api\uart.c(28): warning:  #513-D: a value of type "volatile uint8 *" cannot be assigned to an entity of type "uint8 *"
api\uart.c(29): warning:  #167-D: argument of type "volatile uint8 *" is incompatible with parameter of type "void *"
api\uart.c(50): warning:  #513-D: a value of type "volatile uint8 *" cannot be assigned to an entity of type "uint8 *"
api\uart.c(134): warning:  #513-D: a value of type "volatile uint8 *" cannot be assigned to an entity of type "uint8 *"
api\uart.c(161): warning:  #513-D: a value of type "volatile uint8 *" cannot be assigned to an entity of type "uint8 *"
api\uart.c(184): warning:  #513-D: a value of type "volatile uint8 *" cannot be assigned to an entity of type "uint8 *"
compiling decode.c...
api\decode.c(71): error:  #513: a value of type "uint16 *" cannot be assigned to an entity of type "uint8 *"
api\decode.c(343): error:  #20: identifier "TIMEUNIT" is undefined
api\decode.c(367): error:  #20: identifier "TIMEUNIT" is undefined
api\decode.c(384): error:  #20: identifier "TIMEUNIT" is undefined
api\decode.c(403): error:  #132: expression must have pointer-to-struct-or-union type
api\decode.c(420): error:  #254: type name is not allowed
api\decode.c(420): error:  #32: expression must have arithmetic type
api\decode.c(420): error:  #254: type name is not allowed
api\decode.c(420): error:  #18: expected a ")"
api\decode.c(421): error:  #65: expected a ";"
api\decode.c(432): warning:  #12-D: parsing restarts here after previous syntax error
api\decode.c(360): warning:  #177-D: function "OVRIBO_SendBit0" was declared but never referenced
api\decode.c(377): warning:  #177-D: function "OVRIBO_SendBit1" was declared but never referenced
compiling misc.c...
compiling stm32f10x_exti.c...
compiling stm32f10x_flash.c...
compiling stm32f10x_gpio.c...
compiling stm32f10x_i2c.c...
compiling stm32f10x_rcc.c...
compiling stm32f10x_tim.c...
compiling stm32f10x_usart.c...
compiling stm32f10x_spi.c...
Target not created
Build target 'M3_app'
compiling main.c...
.\include\command.h(48): warning:  #1-D: last line of file ends without a newline
api\main.c(146): error:  #20: identifier "RF433_Receive" is undefined
compiling decode.c...
api\decode.c(71): error:  #513: a value of type "uint16 *" cannot be assigned to an entity of type "uint8 *"
api\decode.c(343): error:  #20: identifier "TIMEUNIT" is undefined
api\decode.c(367): error:  #20: identifier "TIMEUNIT" is undefined
api\decode.c(384): error:  #20: identifier "TIMEUNIT" is undefined
api\decode.c(403): error:  #132: expression must have pointer-to-struct-or-union type
Target not created
Build target 'M3_app'
compiling main.c...
.\include\command.h(48): warning:  #1-D: last line of file ends without a newline
compiling decode.c...
api\decode.c(71): error:  #513: a value of type "uint16 *" cannot be assigned to an entity of type "uint8 *"
api\decode.c(367): error:  #20: identifier "TIMEUNIT" is undefined
api\decode.c(384): error:  #20: identifier "TIMEUNIT" is undefined
api\decode.c(403): error:  #132: expression must have pointer-to-struct-or-union type
Target not created
Build target 'M3_app'
compiling decode.c...
api\decode.c(374): error:  #20: identifier "TIMEUNIT" is undefined
api\decode.c(391): error:  #20: identifier "TIMEUNIT" is undefined
api\decode.c(403): error:  #132: expression must have pointer-to-struct-or-union type
Target not created
Build target 'M3_app'
compiling decode.c...
api\decode.c(403): error:  #132: expression must have pointer-to-struct-or-union type
Target not created
Build target 'M3_app'
compiling decode.c...
linking...
Program Size: Code=11932 RO-data=200 RW-data=144 ZI-data=1264  
FromELF: creating hex file...
User command #1: fromelf --bin -o ..\..\bin\M3_app.bin .\output\app.axf
".\output\app.axf" - 0 Error(s), 0 Warning(s).
Build target 'M3_app'
compiling main.c...
.\include\command.h(48): warning:  #1-D: last line of file ends without a newline
linking...
Program Size: Code=11944 RO-data=200 RW-data=144 ZI-data=1264  
FromELF: creating hex file...
User command #1: fromelf --bin -o ..\..\bin\M3_app.bin .\output\app.axf
".\output\app.axf" - 0 Error(s), 1 Warning(s).
Load "C:\\Users\\Administrator\\Desktop\\SmartHome\\Algo_Api\\V1\\output\\app.AXF" 
