<html>
<body>
<pre>
<h1>µVision Build Log</h1>
<h2>Project:</h2>
F:\SmartDog\SmartHome\Algo_Api\V1\app.uvproj
Project File Date:  12/16/2014

<h2>Output:</h2>
Build target 'M3_app'
compiling main.c...
api\main.c(243): warning:  #167-D: argument of type "volatile uint8 *" is incompatible with parameter of type "uint8 *"
api\main.c(583): warning:  #167-D: argument of type "uint8 *" is incompatible with parameter of type "const char *"
api\main.c(585): warning:  #167-D: argument of type "uint8 *" is incompatible with parameter of type "const char *"
api\main.c(590): warning:  #167-D: argument of type "uint8 *" is incompatible with parameter of type "const char *"
api\main.c(601): warning:  #167-D: argument of type "uint8 *" is incompatible with parameter of type "const char *"
api\main.c(603): warning:  #167-D: argument of type "volatile uint8 *" is incompatible with parameter of type "void *"
api\main.c(604): warning:  #167-D: argument of type "uint8 *" is incompatible with parameter of type "const char *"
api\main.c(604): warning:  #167-D: argument of type "volatile uint8 *" is incompatible with parameter of type "void *restrict"
api\main.c(610): warning:  #167-D: argument of type "volatile uint8 *" is incompatible with parameter of type "uint8 *"
api\main.c(178): warning:  #128-D: loop is not reachable from preceding code
compiling DK_RFM69H.c...
api\DK_RFM69H.c(374): warning:  #177-D: variable "timeout" was declared but never referenced
linking...
Program Size: Code=4524 RO-data=96 RW-data=144 ZI-data=2880  
FromELF: creating hex file...
User command #1: fromelf --bin -o ..\..\bin\M3_app.bin .\output\app.axf
".\output\app.axf" - 0 Error(s), 11 Warning(s).
Build target 'M3_app'
linking...
Program Size: Code=4524 RO-data=96 RW-data=144 ZI-data=2880  
FromELF: creating hex file...
User command #1: fromelf --bin -o ..\..\bin\M3_app.bin .\output\app.axf
".\output\app.axf" - 0 Error(s), 0 Warning(s).
Load "F:\\SmartDog\\SmartHome\\Algo_Api\\V1\\output\\app.AXF" 
* JLink Info: Device "STM32F103CB" selected (128 KB flash, 20 KB RAM).
Set JLink Project File to "F:\SmartDog\SmartHome\Algo_Api\V1\JLinkSettings.ini"
 
JLink info:
------------
DLL: V4.36l, compiled Dec  2 2011 18:52:36
Firmware: J-Link ARM V8 compiled Dec  6 2011 18:57:44
Hardware: V8.00
S/N : 805306163 
Feature(s) : RDI,FlashDL,FlashBP,JFlash,GDBFull 
 
* JLink Info: Found SWD-DP with ID 0x1BA01477
* JLink Info: TPIU fitted.
* JLink Info:   FPUnit: 6 code (BP) slots and 2 literal slots
* JLink Info: Found Cortex-M3 r1p1, Little endian.
ROMTableAddr = 0xE00FF003
* JLink Info: Found SWD-DP with ID 0x1BA01477
* JLink Info: TPIU fitted.
* JLink Info:   FPUnit: 6 code (BP) slots and 2 literal slots
* JLink Info: Found Cortex-M3 r1p1, Little endian.
 
Target info:
------------
Device: STM32F103CB
VTarget = 3.313V
State of Pins: 
TCK: 0, TDI: 0, TDO: 0, TMS: 0, TRES: 1, TRST: 1
Hardware-Breakpoints: 6
Software-Breakpoints: 8192
Watchpoints:          4
JTAG speed: 2000 kHz
 
Erase Done.
Programming Done.
Verify OK.
Build target 'M3_app'
compiling main.c...
api\main.c(243): warning:  #167-D: argument of type "volatile uint8 *" is incompatible with parameter of type "uint8 *"
api\main.c(583): warning:  #167-D: argument of type "uint8 *" is incompatible with parameter of type "const char *"
api\main.c(585): warning:  #167-D: argument of type "uint8 *" is incompatible with parameter of type "const char *"
api\main.c(590): warning:  #167-D: argument of type "uint8 *" is incompatible with parameter of type "const char *"
api\main.c(601): warning:  #167-D: argument of type "uint8 *" is incompatible with parameter of type "const char *"
api\main.c(603): warning:  #167-D: argument of type "volatile uint8 *" is incompatible with parameter of type "void *"
api\main.c(604): warning:  #167-D: argument of type "uint8 *" is incompatible with parameter of type "const char *"
api\main.c(604): warning:  #167-D: argument of type "volatile uint8 *" is incompatible with parameter of type "void *restrict"
api\main.c(610): warning:  #167-D: argument of type "volatile uint8 *" is incompatible with parameter of type "uint8 *"
api\main.c(178): warning:  #128-D: loop is not reachable from preceding code
compiling Timer.c...
compiling DK_RFM69H.c...
api\DK_RFM69H.c(374): warning:  #177-D: variable "timeout" was declared but never referenced
linking...
Program Size: Code=4524 RO-data=96 RW-data=144 ZI-data=2880  
FromELF: creating hex file...
User command #1: fromelf --bin -o ..\..\bin\M3_app.bin .\output\app.axf
".\output\app.axf" - 0 Error(s), 11 Warning(s).
Build target 'M3_app'
compiling DK_RFM69H.c...
api\DK_RFM69H.c(374): warning:  #177-D: variable "timeout" was declared but never referenced
linking...
Program Size: Code=4520 RO-data=96 RW-data=144 ZI-data=2880  
FromELF: creating hex file...
User command #1: fromelf --bin -o ..\..\bin\M3_app.bin .\output\app.axf
".\output\app.axf" - 0 Error(s), 1 Warning(s).
Load "F:\\SmartDog\\SmartHome\\Algo_Api\\V1\\output\\app.AXF" 
* JLink Info: Device "STM32F103CB" selected (128 KB flash, 20 KB RAM).
Set JLink Project File to "F:\SmartDog\SmartHome\Algo_Api\V1\JLinkSettings.ini"
 
JLink info:
------------
DLL: V4.36l, compiled Dec  2 2011 18:52:36
Firmware: J-Link ARM V8 compiled Dec  6 2011 18:57:44
Hardware: V8.00
S/N : 805306163 
Feature(s) : RDI,FlashDL,FlashBP,JFlash,GDBFull 
 
* JLink Info: Found SWD-DP with ID 0x1BA01477
* JLink Info: TPIU fitted.
* JLink Info:   FPUnit: 6 code (BP) slots and 2 literal slots
* JLink Info: Found Cortex-M3 r1p1, Little endian.
ROMTableAddr = 0xE00FF003
* JLink Info: Found SWD-DP with ID 0x1BA01477
* JLink Info: TPIU fitted.
* JLink Info:   FPUnit: 6 code (BP) slots and 2 literal slots
* JLink Info: Found Cortex-M3 r1p1, Little endian.
 
Target info:
------------
Device: STM32F103CB
VTarget = 3.313V
State of Pins: 
TCK: 0, TDI: 0, TDO: 0, TMS: 0, TRES: 1, TRST: 1
Hardware-Breakpoints: 6
Software-Breakpoints: 8192
Watchpoints:          4
JTAG speed: 2000 kHz
 
Erase Done.
Programming Done.
Verify OK.
